case msg of
    NoOp ->
        1

    _ ->
        2
