case msg of
    NoOp ->
        1

    SetName _ ->
        2
