case bool of
    True ->
        1

    False ->
        0
