case maybe of
    Nothing ->
        1

    Just val ->
        val
