case bool of
    True ->
        1 + 2

    False ->
        3 + 4
