map : (a -> b) -> a -> b
map fn val =
    "also lying!"
