{ myRecord | abc = { anotherRecord | def = 123 } }
